Error type B at Line 6: Missing closing parenthesis ')'
Error type B at Line 6: Missing semicolon ';'
Error type B at Line 6: Missing semicolon ';'
Error type B at Line 2: Missing closing parenthesis ')'
Error type B at Line 1: Missing semicolon ';'
